****************************************
Report : Time Based Power
	-hierarchy
	-significant_digits
	-nosplit
Design : croc_soc$croc_chip.i_croc_soc
Version: Y-2026.03
Date   : Sun Jul 19 19:02:58 2026
****************************************



                                      Int                       Switch                    Leak                      Peak                      Peak                             Glitch                    X-tran                    Total
Hierarchy                             Power                     Power                     Power                     Power                     Time                             Power                     Power                     Power                     %
---------------------------------------------------------------------------------------------------------------------------------------------------------------------------------------------------------------------------------------------------------------------
croc_soc$croc_chip.i_croc_soc         5.211352e-03              9.981396e-03              8.274429e-06              1.003089e+00              2105650-2105651                  0.000000e+00              6.584246e-09              1.520102e-02              100.0
  i_croc (croc_domain$croc_chip.i_croc_soc.i_croc) 5.201396e-03        9.981396e-03        8.252574e-06             1.002862e+00              2105650-2105651                  0.000000e+00              6.584246e-09              1.519104e-02               99.9
    i_core_wrap (core_wrap$croc_chip.i_croc_soc.i_croc.i_core_wrap) 1.135341e-03        5.366279e-03        2.554232e-06        5.672958e-01        1894650-1894651            0.000000e+00              0.000000e+00              6.504175e-03               42.8
      i_core.register_file_i (cve2_register_file_ff$croc_chip.i_croc_soc.i_croc.i_core_wrap.i_core.register_file_i) 5.494973e-04        9.817603e-04        1.091148e-06        2.306387e-01        1863800-1863801 0.000000e+00        0.000000e+00        1.532349e-03         10.1
      i_core.cs_registers_i (cve2_cs_registers$croc_chip.i_croc_soc.i_croc.i_core_wrap.i_core.cs_registers_i) 2.326417e-04        3.679139e-04        6.242194e-07        6.383932e-02        1819650-1819651 0.000000e+00        0.000000e+00        6.011798e-04          4.0
    gen_dma.i_croc_idma (croc_idma$croc_chip.i_croc_soc.i_croc.gen_dma.i_croc_idma) 7.919535e-04        1.936637e-03        1.539712e-06        3.042309e-01        2229850-2229851 0.000000e+00         0.000000e+00              2.730130e-03               18.0
    i_sram1 (tc_sram_impl$croc_chip.i_croc_soc.i_croc.i_sram1) 1.150753e-03        1.265883e-04        2.111310e-07        3.377340e-02        1862150-1862151                 0.000000e+00              6.584246e-09              1.277553e-03                8.4
    i_sram0 (tc_sram_impl$croc_chip.i_croc_soc.i_croc.i_sram0) 8.178711e-04        1.441688e-04        2.110257e-07        3.414832e-02        1912250-1912251                 0.000000e+00              0.000000e+00              9.622510e-04                6.3
    i_dmi_jtag (dmi_jtag$croc_chip.i_croc_soc.i_croc.i_dmi_jtag) 2.018250e-04        1.391394e-04        4.767764e-07        6.648473e-02        1823800-1823801               0.000000e+00              0.000000e+00              3.414412e-04                2.2
      i_dmi_cdc.i_cdc_req (cdc_2phase_clearable$croc_chip.i_croc_soc.i_croc.i_dmi_jtag.i_dmi_cdc.i_cdc_req) 6.219893e-05        7.639640e-06        1.579857e-07        1.491344e-02        2288500-2288501 0.000000e+00        0.000000e+00        6.999656e-05          0.5
        i_dst (cdc_2phase_dst_clearable$croc_chip.i_croc_soc.i_croc.i_dmi_jtag.i_dmi_cdc.i_cdc_req.i_dst) 2.200274e-05        3.638894e-06        5.302284e-08        1.307992e-02        1939050-1939051 0.000000e+00        0.000000e+00        2.569466e-05          0.2
          i_sync (sync$croc_chip.i_croc_soc.i_croc.i_dmi_jtag.i_dmi_cdc.i_cdc_req.i_dst.i_sync) 1.634082e-06        9.882461e-08        1.551264e-09        3.913970e-04        1821150-1821151 0.000000e+00        0.000000e+00        1.734457e-06           0.0
        i_src (cdc_2phase_src_clearable$croc_chip.i_croc_soc.i_croc.i_dmi_jtag.i_dmi_cdc.i_cdc_req.i_src) 2.156509e-05        3.589791e-06        5.571258e-08        1.353617e-02        2288500-2288501 0.000000e+00        0.000000e+00        2.521059e-05          0.2
          i_sync (sync$croc_chip.i_croc_soc.i_croc.i_dmi_jtag.i_dmi_cdc.i_cdc_req.i_src.i_sync) 1.634343e-06        7.681196e-08        1.551264e-09        2.711648e-04        1823700-1823701 0.000000e+00        0.000000e+00        1.712707e-06           0.0
        i_cdc_reset_ctrlr (cdc_reset_ctrlr$croc_chip.i_croc_soc.i_croc.i_dmi_jtag.i_dmi_cdc.i_cdc_req.i_cdc_reset_ctrlr) 1.688623e-05        0.000000e+00        4.683342e-08        4.494175e-04        1818675-1818676 0.000000e+00        0.000000e+00        1.693307e-05          0.1
          i_cdc_reset_ctrlr_half_a (cdc_reset_ctrlr_half$croc_chip.i_croc_soc.i_croc.i_dmi_jtag.i_dmi_cdc.i_cdc_req.i_cdc_reset_ctrlr.i_cdc_reset_ctrlr_half_a) 8.443116e-06        0.000000e+00        2.341671e-08        2.250204e-04        1818675-1818676 0.000000e+00        0.000000e+00        8.466533e-06          0.1
            i_state_transition_cdc_src (cdc_4phase_src$croc_chip.i_croc_soc.i_croc.i_dmi_jtag.i_dmi_cdc.i_cdc_req.i_cdc_reset_ctrlr.i_cdc_reset_ctrlr_half_a.i_state_transition_cdc_src) 3.460737e-06        0.000000e+00        5.876085e-09        9.618211e-05        1818675-1818676 0.000000e+00        0.000000e+00        3.466613e-06          0.0
              i_sync (sync$croc_chip.i_croc_soc.i_croc.i_dmi_jtag.i_dmi_cdc.i_cdc_req.i_cdc_reset_ctrlr.i_cdc_reset_ctrlr_half_a.i_state_transition_cdc_src.i_sync) 8.672029e-07        0.000000e+00        9.525110e-10        2.183030e-05        1818700-1818701 0.000000e+00        0.000000e+00        8.681554e-07          0.0
            i_state_transition_cdc_dst (cdc_4phase_dst$croc_chip.i_croc_soc.i_croc.i_dmi_jtag.i_dmi_cdc.i_cdc_req.i_cdc_reset_ctrlr.i_cdc_reset_ctrlr_half_a.i_state_transition_cdc_dst) 2.168007e-06        0.000000e+00        3.304074e-09        5.457667e-05        1818700-1818701 0.000000e+00        0.000000e+00        2.171311e-06          0.0
              i_sync (sync$croc_chip.i_croc_soc.i_croc.i_dmi_jtag.i_dmi_cdc.i_cdc_req.i_cdc_reset_ctrlr.i_cdc_reset_ctrlr_half_a.i_state_transition_cdc_dst.i_sync) 8.672029e-07        0.000000e+00        9.525110e-10        2.183030e-05        1818700-1818701 0.000000e+00        0.000000e+00        8.681554e-07          0.0
          i_cdc_reset_ctrlr_half_b (cdc_reset_ctrlr_half$croc_chip.i_croc_soc.i_croc.i_dmi_jtag.i_dmi_cdc.i_cdc_req.i_cdc_reset_ctrlr.i_cdc_reset_ctrlr_half_b) 8.443116e-06        0.000000e+00        2.341671e-08        2.243971e-04        1818675-1818676 0.000000e+00        0.000000e+00        8.466533e-06          0.1
            i_state_transition_cdc_src (cdc_4phase_src$croc_chip.i_croc_soc.i_croc.i_dmi_jtag.i_dmi_cdc.i_cdc_req.i_cdc_reset_ctrlr.i_cdc_reset_ctrlr_half_b.i_state_transition_cdc_src) 3.460737e-06        0.000000e+00        5.876085e-09        9.618211e-05        1818675-1818676 0.000000e+00        0.000000e+00        3.466613e-06          0.0
              i_sync (sync$croc_chip.i_croc_soc.i_croc.i_dmi_jtag.i_dmi_cdc.i_cdc_req.i_cdc_reset_ctrlr.i_cdc_reset_ctrlr_half_b.i_state_transition_cdc_src.i_sync) 8.672029e-07        0.000000e+00        9.525110e-10        2.183030e-05        1818700-1818701 0.000000e+00        0.000000e+00        8.681554e-07          0.0
            i_state_transition_cdc_dst (cdc_4phase_dst$croc_chip.i_croc_soc.i_croc.i_dmi_jtag.i_dmi_cdc.i_cdc_req.i_cdc_reset_ctrlr.i_cdc_reset_ctrlr_half_b.i_state_transition_cdc_dst) 2.168007e-06        0.000000e+00        3.304074e-09        5.394359e-05        1818700-1818701 0.000000e+00        0.000000e+00        2.171311e-06          0.0
              i_sync (sync$croc_chip.i_croc_soc.i_croc.i_dmi_jtag.i_dmi_cdc.i_cdc_req.i_cdc_reset_ctrlr.i_cdc_reset_ctrlr_half_b.i_state_transition_cdc_dst.i_sync) 8.672029e-07        0.000000e+00        9.525110e-10        2.183030e-05        1818700-1818701 0.000000e+00        0.000000e+00        8.681554e-07          0.0
      i_dmi_cdc.i_cdc_resp (cdc_2phase_clearable$croc_chip.i_croc_soc.i_croc.i_dmi_jtag.i_dmi_cdc.i_cdc_resp) 5.367956e-05        6.040118e-06        1.369195e-07        1.389141e-02        1823600-1823601 0.000000e+00        0.000000e+00        5.985660e-05          0.4
        i_dst (cdc_2phase_dst_clearable$croc_chip.i_croc_soc.i_croc.i_dmi_jtag.i_dmi_cdc.i_cdc_resp.i_dst) 1.780569e-05        2.811086e-06        4.436195e-08        1.116159e-02        1837150-1837151 0.000000e+00        0.000000e+00        2.066114e-05          0.1
          i_sync (sync$croc_chip.i_croc_soc.i_croc.i_dmi_jtag.i_dmi_cdc.i_cdc_resp.i_dst.i_sync) 1.634082e-06        9.882461e-08        1.551264e-09        3.941352e-04        1821450-1821451 0.000000e+00        0.000000e+00        1.734457e-06          0.0
        i_src (cdc_2phase_src_clearable$croc_chip.i_croc_soc.i_croc.i_dmi_jtag.i_dmi_cdc.i_cdc_resp.i_src) 1.724376e-05        2.739164e-06        4.357366e-08        1.204536e-02        1823600-1823601 0.000000e+00        0.000000e+00        2.002649e-05          0.1
          i_sync (sync$croc_chip.i_croc_soc.i_croc.i_dmi_jtag.i_dmi_cdc.i_cdc_resp.i_src.i_sync) 1.635673e-06        7.681196e-08        1.551367e-09        2.681263e-04        1818900-1818901 0.000000e+00        0.000000e+00        1.714037e-06          0.0
        i_cdc_reset_ctrlr (cdc_reset_ctrlr$croc_chip.i_croc_soc.i_croc.i_dmi_jtag.i_dmi_cdc.i_cdc_resp.i_cdc_reset_ctrlr) 1.688623e-05        0.000000e+00        4.656712e-08        4.494172e-04        1818675-1818676 0.000000e+00        0.000000e+00        1.693280e-05          0.1
          i_cdc_reset_ctrlr_half_b (cdc_reset_ctrlr_half$croc_chip.i_croc_soc.i_croc.i_dmi_jtag.i_dmi_cdc.i_cdc_resp.i_cdc_reset_ctrlr.i_cdc_reset_ctrlr_half_b) 8.443116e-06        0.000000e+00        2.341671e-08        2.250204e-04        1818675-1818676 0.000000e+00        0.000000e+00        8.466533e-06          0.1
            i_state_transition_cdc_src (cdc_4phase_src$croc_chip.i_croc_soc.i_croc.i_dmi_jtag.i_dmi_cdc.i_cdc_resp.i_cdc_reset_ctrlr.i_cdc_reset_ctrlr_half_b.i_state_transition_cdc_src) 3.460737e-06        0.000000e+00        5.876085e-09        9.618212e-05        1818675-1818676 0.000000e+00        0.000000e+00        3.466613e-06          0.0
              i_sync (sync$croc_chip.i_croc_soc.i_croc.i_dmi_jtag.i_dmi_cdc.i_cdc_resp.i_cdc_reset_ctrlr.i_cdc_reset_ctrlr_half_b.i_state_transition_cdc_src.i_sync) 8.672029e-07        0.000000e+00        9.525110e-10        2.183030e-05        1818700-1818701 0.000000e+00        0.000000e+00        8.681554e-07          0.0
            i_state_transition_cdc_dst (cdc_4phase_dst$croc_chip.i_croc_soc.i_croc.i_dmi_jtag.i_dmi_cdc.i_cdc_resp.i_cdc_reset_ctrlr.i_cdc_reset_ctrlr_half_b.i_state_transition_cdc_dst) 2.168007e-06        0.000000e+00        3.304074e-09        5.457667e-05        1818700-1818701 0.000000e+00        0.000000e+00        2.171311e-06          0.0
              i_sync (sync$croc_chip.i_croc_soc.i_croc.i_dmi_jtag.i_dmi_cdc.i_cdc_resp.i_cdc_reset_ctrlr.i_cdc_reset_ctrlr_half_b.i_state_transition_cdc_dst.i_sync) 8.672029e-07        0.000000e+00        9.525110e-10        2.183030e-05        1818700-1818701 0.000000e+00        0.000000e+00        8.681554e-07          0.0
          i_cdc_reset_ctrlr_half_a (cdc_reset_ctrlr_half$croc_chip.i_croc_soc.i_croc.i_dmi_jtag.i_dmi_cdc.i_cdc_resp.i_cdc_reset_ctrlr.i_cdc_reset_ctrlr_half_a) 8.443116e-06        0.000000e+00        2.315041e-08        2.243968e-04        1818675-1818676 0.000000e+00        0.000000e+00        8.466266e-06          0.1
            i_state_transition_cdc_src (cdc_4phase_src$croc_chip.i_croc_soc.i_croc.i_dmi_jtag.i_dmi_cdc.i_cdc_resp.i_cdc_reset_ctrlr.i_cdc_reset_ctrlr_half_a.i_state_transition_cdc_src) 3.460737e-06        0.000000e+00        5.876085e-09        9.618212e-05        1818675-1818676 0.000000e+00        0.000000e+00        3.466613e-06          0.0
              i_sync (sync$croc_chip.i_croc_soc.i_croc.i_dmi_jtag.i_dmi_cdc.i_cdc_resp.i_cdc_reset_ctrlr.i_cdc_reset_ctrlr_half_a.i_state_transition_cdc_src.i_sync) 8.672029e-07        0.000000e+00        9.525110e-10        2.183030e-05        1818700-1818701 0.000000e+00        0.000000e+00        8.681554e-07          0.0
            i_state_transition_cdc_dst (cdc_4phase_dst$croc_chip.i_croc_soc.i_croc.i_dmi_jtag.i_dmi_cdc.i_cdc_resp.i_cdc_reset_ctrlr.i_cdc_reset_ctrlr_half_a.i_state_transition_cdc_dst) 2.168007e-06        0.000000e+00        3.304074e-09        5.394359e-05        1818700-1818701 0.000000e+00        0.000000e+00        2.171311e-06          0.0
              i_sync (sync$croc_chip.i_croc_soc.i_croc.i_dmi_jtag.i_dmi_cdc.i_cdc_resp.i_cdc_reset_ctrlr.i_cdc_reset_ctrlr_half_a.i_state_transition_cdc_dst.i_sync) 8.672029e-07        0.000000e+00        9.525110e-10        2.183030e-05        1818700-1818701 0.000000e+00        0.000000e+00        8.681554e-07          0.0
      i_dmi_jtag_tap.i_dft_tck_mux (tc_clk_mux2$croc_chip.i_croc_soc.i_croc.i_dmi_jtag.i_dmi_jtag_tap.i_dft_tck_mux) 3.635216e-07        8.954216e-06        2.314612e-10        2.329818e-04        1829425-1829426 0.000000e+00        0.000000e+00        9.317970e-06          0.1
      i_dmi_jtag_tap.i_tck_inv (tc_clk_inverter$croc_chip.i_croc_soc.i_croc.i_dmi_jtag.i_dmi_jtag_tap.i_tck_inv) 7.063471e-08        3.984735e-06        6.300323e-11        1.014388e-04        2302800-2302801 0.000000e+00        0.000000e+00        4.055432e-06          0.0
    i_dm_top.i_dm_top (dm_top$croc_chip.i_croc_soc.i_croc.i_dm_top.i_dm_top) 2.907794e-04        1.724871e-05        8.130851e-07        9.510625e-02        1839150-1839151   0.000000e+00              0.000000e+00              3.088412e-04                2.0
    i_uart (obi_uart$croc_chip.i_croc_soc.i_croc.i_uart) 2.238865e-04        0.000000e+00        4.863443e-07        5.534169e-03             1818675-1818676                  0.000000e+00              0.000000e+00              2.243729e-04                1.5
      i_uart_modem.i_sync_cd (sync$croc_chip.i_croc_soc.i_croc.i_uart.i_uart_modem.i_sync_cd) 1.292730e-06        0.000000e+00        1.114786e-09        4.235560e-05        1818675-1818676 0.000000e+00        0.000000e+00        1.293845e-06             0.0
      i_uart_modem.i_sync_cts (sync$croc_chip.i_croc_soc.i_croc.i_uart.i_uart_modem.i_sync_cts) 1.292730e-06        0.000000e+00        1.114786e-09        4.235560e-05        1818675-1818676 0.000000e+00        0.000000e+00        1.293845e-06           0.0
      i_uart_modem.i_sync_dsr (sync$croc_chip.i_croc_soc.i_croc.i_uart.i_uart_modem.i_sync_dsr) 1.292730e-06        0.000000e+00        1.114786e-09        4.235560e-05        1818675-1818676 0.000000e+00        0.000000e+00        1.293845e-06           0.0
      i_uart_modem.i_sync_ri (sync$croc_chip.i_croc_soc.i_croc.i_uart.i_uart_modem.i_sync_ri) 1.292730e-06        0.000000e+00        1.114786e-09        4.235560e-05        1818675-1818676 0.000000e+00        0.000000e+00        1.293845e-06             0.0
      i_uart_rx.i_sync (sync$croc_chip.i_croc_soc.i_croc.i_uart.i_uart_rx.i_sync) 1.292730e-06        0.000000e+00        1.114786e-09        4.235560e-05        1818675-1818676 0.000000e+00           0.000000e+00              1.293845e-06                0.0
    i_gpio (gpio$croc_chip.i_croc_soc.i_croc.i_gpio) 1.448229e-04        0.000000e+00        2.906851e-07           3.629840e-03              1818700-1818701                  0.000000e+00              0.000000e+00              1.451136e-04                1.0
      gen_gpios[0].i_sync (sync$croc_chip.i_croc_soc.i_croc.i_gpio.gen_gpios[0].i_sync) 8.672029e-07        0.000000e+00        9.525110e-10        2.183030e-05        1818700-1818701 0.000000e+00        0.000000e+00           8.681554e-07                0.0
      gen_gpios[1].i_sync (sync$croc_chip.i_croc_soc.i_croc.i_gpio.gen_gpios[1].i_sync) 8.672029e-07        0.000000e+00        9.525110e-10        2.183030e-05        1818700-1818701 0.000000e+00        0.000000e+00           8.681554e-07                0.0
      gen_gpios[2].i_sync (sync$croc_chip.i_croc_soc.i_croc.i_gpio.gen_gpios[2].i_sync) 8.672029e-07        0.000000e+00        9.525110e-10        2.183030e-05        1818700-1818701 0.000000e+00        0.000000e+00           8.681554e-07                0.0
      gen_gpios[3].i_sync (sync$croc_chip.i_croc_soc.i_croc.i_gpio.gen_gpios[3].i_sync) 8.672029e-07        0.000000e+00        9.525110e-10        2.183030e-05        1818700-1818701 0.000000e+00        0.000000e+00           8.681554e-07                0.0
      gen_gpios[4].i_sync (sync$croc_chip.i_croc_soc.i_croc.i_gpio.gen_gpios[4].i_sync) 8.672029e-07        0.000000e+00        9.525110e-10        2.183030e-05        1818700-1818701 0.000000e+00        0.000000e+00           8.681554e-07                0.0
      gen_gpios[5].i_sync (sync$croc_chip.i_croc_soc.i_croc.i_gpio.gen_gpios[5].i_sync) 8.672029e-07        0.000000e+00        9.525110e-10        2.183030e-05        1818700-1818701 0.000000e+00        0.000000e+00           8.681554e-07                0.0
      gen_gpios[6].i_sync (sync$croc_chip.i_croc_soc.i_croc.i_gpio.gen_gpios[6].i_sync) 8.672029e-07        0.000000e+00        9.525110e-10        2.183030e-05        1818700-1818701 0.000000e+00        0.000000e+00           8.681554e-07                0.0
      gen_gpios[7].i_sync (sync$croc_chip.i_croc_soc.i_croc.i_gpio.gen_gpios[7].i_sync) 8.672029e-07        0.000000e+00        9.525110e-10        2.183030e-05        1818700-1818701 0.000000e+00        0.000000e+00           8.681554e-07                0.0
      gen_gpios[8].i_sync (sync$croc_chip.i_croc_soc.i_croc.i_gpio.gen_gpios[8].i_sync) 8.672029e-07        0.000000e+00        9.525110e-10        2.183030e-05        1818700-1818701 0.000000e+00        0.000000e+00           8.681554e-07                0.0
      gen_gpios[9].i_sync (sync$croc_chip.i_croc_soc.i_croc.i_gpio.gen_gpios[9].i_sync) 8.672029e-07        0.000000e+00        9.525110e-10        2.183030e-05        1818700-1818701 0.000000e+00        0.000000e+00           8.681554e-07                0.0
      gen_gpios[10].i_sync (sync$croc_chip.i_croc_soc.i_croc.i_gpio.gen_gpios[10].i_sync) 8.672029e-07        0.000000e+00        9.525110e-10        2.183030e-05        1818700-1818701 0.000000e+00        0.000000e+00         8.681554e-07                0.0
      gen_gpios[11].i_sync (sync$croc_chip.i_croc_soc.i_croc.i_gpio.gen_gpios[11].i_sync) 8.672029e-07        0.000000e+00        9.525110e-10        2.183030e-05        1818700-1818701 0.000000e+00        0.000000e+00         8.681554e-07                0.0
      gen_gpios[12].i_sync (sync$croc_chip.i_croc_soc.i_croc.i_gpio.gen_gpios[12].i_sync) 8.672029e-07        0.000000e+00        9.525110e-10        2.183030e-05        1818700-1818701 0.000000e+00        0.000000e+00         8.681554e-07                0.0
      gen_gpios[13].i_sync (sync$croc_chip.i_croc_soc.i_croc.i_gpio.gen_gpios[13].i_sync) 8.672029e-07        0.000000e+00        9.525110e-10        2.183030e-05        1818700-1818701 0.000000e+00        0.000000e+00         8.681554e-07                0.0
      gen_gpios[14].i_sync (sync$croc_chip.i_croc_soc.i_croc.i_gpio.gen_gpios[14].i_sync) 8.672029e-07        0.000000e+00        9.525110e-10        2.183030e-05        1818700-1818701 0.000000e+00        0.000000e+00         8.681554e-07                0.0
      gen_gpios[15].i_sync (sync$croc_chip.i_croc_soc.i_croc.i_gpio.gen_gpios[15].i_sync) 8.672029e-07        0.000000e+00        9.525110e-10        2.183030e-05        1818700-1818701 0.000000e+00        0.000000e+00         8.681554e-07                0.0
      gen_gpios[16].i_sync (sync$croc_chip.i_croc_soc.i_croc.i_gpio.gen_gpios[16].i_sync) 8.672029e-07        0.000000e+00        9.525110e-10        2.183030e-05        1818700-1818701 0.000000e+00        0.000000e+00         8.681554e-07                0.0
      gen_gpios[17].i_sync (sync$croc_chip.i_croc_soc.i_croc.i_gpio.gen_gpios[17].i_sync) 8.672029e-07        0.000000e+00        9.525110e-10        2.183030e-05        1818700-1818701 0.000000e+00        0.000000e+00         8.681554e-07                0.0
      gen_gpios[18].i_sync (sync$croc_chip.i_croc_soc.i_croc.i_gpio.gen_gpios[18].i_sync) 8.672029e-07        0.000000e+00        9.525110e-10        2.183030e-05        1818700-1818701 0.000000e+00        0.000000e+00         8.681554e-07                0.0
      gen_gpios[19].i_sync (sync$croc_chip.i_croc_soc.i_croc.i_gpio.gen_gpios[19].i_sync) 8.672029e-07        0.000000e+00        9.525110e-10        2.183030e-05        1818700-1818701 0.000000e+00        0.000000e+00         8.681554e-07                0.0
      gen_gpios[20].i_sync (sync$croc_chip.i_croc_soc.i_croc.i_gpio.gen_gpios[20].i_sync) 8.672029e-07        0.000000e+00        9.525110e-10        2.183030e-05        1818700-1818701 0.000000e+00        0.000000e+00         8.681554e-07                0.0
      gen_gpios[21].i_sync (sync$croc_chip.i_croc_soc.i_croc.i_gpio.gen_gpios[21].i_sync) 8.672029e-07        0.000000e+00        9.525110e-10        2.183030e-05        1818700-1818701 0.000000e+00        0.000000e+00         8.681554e-07                0.0
      gen_gpios[22].i_sync (sync$croc_chip.i_croc_soc.i_croc.i_gpio.gen_gpios[22].i_sync) 8.672029e-07        0.000000e+00        9.525110e-10        2.183030e-05        1818700-1818701 0.000000e+00        0.000000e+00         8.681554e-07                0.0
      gen_gpios[23].i_sync (sync$croc_chip.i_croc_soc.i_croc.i_gpio.gen_gpios[23].i_sync) 8.672029e-07        0.000000e+00        9.525110e-10        2.183030e-05        1818700-1818701 0.000000e+00        0.000000e+00         8.681554e-07                0.0
      gen_gpios[24].i_sync (sync$croc_chip.i_croc_soc.i_croc.i_gpio.gen_gpios[24].i_sync) 8.672029e-07        0.000000e+00        9.525110e-10        2.183030e-05        1818700-1818701 0.000000e+00        0.000000e+00         8.681554e-07                0.0
      gen_gpios[25].i_sync (sync$croc_chip.i_croc_soc.i_croc.i_gpio.gen_gpios[25].i_sync) 8.672029e-07        0.000000e+00        9.525110e-10        2.183030e-05        1818700-1818701 0.000000e+00        0.000000e+00         8.681554e-07                0.0
      gen_gpios[26].i_sync (sync$croc_chip.i_croc_soc.i_croc.i_gpio.gen_gpios[26].i_sync) 8.672029e-07        0.000000e+00        9.525110e-10        2.183030e-05        1818700-1818701 0.000000e+00        0.000000e+00         8.681554e-07                0.0
      gen_gpios[27].i_sync (sync$croc_chip.i_croc_soc.i_croc.i_gpio.gen_gpios[27].i_sync) 8.672029e-07        0.000000e+00        9.525110e-10        2.183030e-05        1818700-1818701 0.000000e+00        0.000000e+00         8.681554e-07                0.0
      gen_gpios[28].i_sync (sync$croc_chip.i_croc_soc.i_croc.i_gpio.gen_gpios[28].i_sync) 8.672029e-07        0.000000e+00        9.525110e-10        2.183030e-05        1818700-1818701 0.000000e+00        0.000000e+00         8.681554e-07                0.0
      gen_gpios[29].i_sync (sync$croc_chip.i_croc_soc.i_croc.i_gpio.gen_gpios[29].i_sync) 8.672029e-07        0.000000e+00        9.525110e-10        2.183030e-05        1818700-1818701 0.000000e+00        0.000000e+00         8.681554e-07                0.0
      gen_gpios[30].i_sync (sync$croc_chip.i_croc_soc.i_croc.i_gpio.gen_gpios[30].i_sync) 8.672029e-07        0.000000e+00        9.525110e-10        2.183030e-05        1818700-1818701 0.000000e+00        0.000000e+00         8.681554e-07                0.0
      gen_gpios[31].i_sync (sync$croc_chip.i_croc_soc.i_croc.i_gpio.gen_gpios[31].i_sync) 8.672029e-07        0.000000e+00        9.525110e-10        2.183030e-05        1818700-1818701 0.000000e+00        0.000000e+00         8.681554e-07                0.0
    i_clint (clint$croc_chip.i_croc_soc.i_croc.i_clint) 7.472880e-05        1.353760e-07        1.778038e-07        1.038388e-02              1922750-1922751                  0.000000e+00              0.000000e+00              7.504198e-05                0.5
      i_sync (sync$croc_chip.i_croc_soc.i_croc.i_clint.i_sync) 1.083178e-06        2.945909e-08        1.034164e-09        3.836142e-04        1831150-1831151                 0.000000e+00              0.000000e+00              1.113671e-06                0.0
    i_obi_timer (obi_timer$croc_chip.i_croc_soc.i_croc.i_obi_timer) 4.596175e-05        0.000000e+00        1.200123e-07        1.146176e-03        1818700-1818701            0.000000e+00              0.000000e+00              4.608176e-05                0.3
    i_soc_ctrl (soc_ctrl_regs$croc_chip.i_croc_soc.i_croc.i_soc_ctrl) 3.300906e-05        1.673832e-06        7.977518e-08        1.971954e-02        2273050-2273051          0.000000e+00              0.000000e+00              3.476266e-05                0.2
    i_bootrom (bootrom$croc_chip.i_croc_soc.i_croc.i_bootrom) 7.017996e-06        1.853275e-06        5.644787e-08        4.751886e-02        1819400-1819401                  0.000000e+00              0.000000e+00              8.927719e-06                0.1
  i_user (user_domain$croc_chip.i_croc_soc.i_user) 7.371224e-06        0.000000e+00        1.891829e-08             1.852486e-04              1818700-1818701                  0.000000e+00              0.000000e+00              7.390143e-06                0.0
  i_rstgen.i_rstgen_bypass.i_tc_clk_mux2_init_no (tc_clk_mux2$croc_chip.i_croc_soc.i_rstgen.i_rstgen_bypass.i_tc_clk_mux2_init_no) 0.000000e+00        0.000000e+00        2.358240e-10        2.358240e-10        1818650-1818651 0.000000e+00        0.000000e+00        2.358240e-10          0.0
  i_rstgen.i_rstgen_bypass.i_tc_clk_mux2_rst_n (tc_clk_mux2$croc_chip.i_croc_soc.i_rstgen.i_rstgen_bypass.i_tc_clk_mux2_rst_n) 0.000000e+00        0.000000e+00        2.358240e-10        2.358240e-10        1818650-1818651 0.000000e+00        0.000000e+00        2.358240e-10          0.0
  i_rstgen.i_rstgen_bypass.i_tc_clk_mux2_rst_no (tc_clk_mux2$croc_chip.i_croc_soc.i_rstgen.i_rstgen_bypass.i_tc_clk_mux2_rst_no) 0.000000e+00        0.000000e+00        2.358240e-10        2.358240e-10        1818650-1818651 0.000000e+00        0.000000e+00        2.358240e-10          0.0
1
